// Jest Snapshot v1, https://goo.gl/fbAQLP

exports[`Layout renders with all props set 1`] = `
<Aux>
  <TopBar
    title="Currency Converter"
  />
  <Grid
    textAlign="center"
    verticalAlign="middle"
  >
    <GridColumn>
      <Header
        as="h4"
        textAlign="center"
      >
        Convert Euros, Dollars, and Japanese Yen
      </Header>
      <CurrencyConversionCard />
    </GridColumn>
  </Grid>
  <Footer
    title="Currency Converter"
  />
</Aux>
`;
