// Jest Snapshot v1, https://goo.gl/fbAQLP

exports[`Layout renders with all props set 1`] = `
<Aux>
  <Header
    title="Currency Converter"
  />
  <Grid
    className="Grid"
    textAlign="center"
    verticalAlign="middle"
  >
    <GridColumn
      className="Column"
      style={
        Object {
          "maxWidth": 700,
        }
      }
    >
      <Header
        as="h3"
        textAlign="center"
      >
        Convert Euros, Dollars, and Japanese Yen
      </Header>
      <CurrencyConversionCard />
    </GridColumn>
  </Grid>
</Aux>
`;
